// Jest Snapshot v1, https://goo.gl/fbAQLP

exports[`<ManaSymbolBar /> Should have a snapshot 1`] = `
<View
  style={
    Object {
      "flex": 1,
    }
  }
>
  <TouchableOpacity
    activeOpacity={0.2}
    focusedOpacity={0.7}
    onPressOut={[Function]}
  >
    <ManaSymbol
      color="black"
      style={
        Array [
          Object {
            "height": 30,
            "marginHorizontal": 5,
            "width": 30,
          },
          Object {
            "opacity": 0.25,
          },
        ]
      }
    />
  </TouchableOpacity>
  <TouchableOpacity
    activeOpacity={0.2}
    focusedOpacity={0.7}
    onPressOut={[Function]}
  >
    <ManaSymbol
      color="blue"
      style={
        Array [
          Object {
            "height": 30,
            "marginHorizontal": 5,
            "width": 30,
          },
          Object {
            "opacity": 0.25,
          },
        ]
      }
    />
  </TouchableOpacity>
  <TouchableOpacity
    activeOpacity={0.2}
    focusedOpacity={0.7}
    onPressOut={[Function]}
  >
    <ManaSymbol
      color="green"
      style={
        Array [
          Object {
            "height": 30,
            "marginHorizontal": 5,
            "width": 30,
          },
          Object {
            "opacity": 0.25,
          },
        ]
      }
    />
  </TouchableOpacity>
  <TouchableOpacity
    activeOpacity={0.2}
    focusedOpacity={0.7}
    onPressOut={[Function]}
  >
    <ManaSymbol
      color="red"
      style={
        Array [
          Object {
            "height": 30,
            "marginHorizontal": 5,
            "width": 30,
          },
          Object {
            "opacity": 0.25,
          },
        ]
      }
    />
  </TouchableOpacity>
  <TouchableOpacity
    activeOpacity={0.2}
    focusedOpacity={0.7}
    onPressOut={[Function]}
  >
    <ManaSymbol
      color="white"
      style={
        Array [
          Object {
            "height": 30,
            "marginHorizontal": 5,
            "width": 30,
          },
          Object {
            "opacity": 0.25,
          },
        ]
      }
    />
  </TouchableOpacity>
</View>
`;
