// Jest Snapshot v1, https://goo.gl/fbAQLP

exports[`<LoginScreen /> Should have a snapshot 1`] = `
<View
  style={
    Object {
      "flex": 1,
      "flexDirection": "column",
    }
  }
>
  <H1>
    I18n.t(LOGIN)
  </H1>
  <EmailPasswordForm
    buttonCallback={[Function]}
    buttonText="I18n.t(LOGIN)"
  />
  <View
    style={
      Object {
        "marginTop": 75,
      }
    }
  >
    <TouchableOpacity
      activeOpacity={0.2}
      focusedOpacity={0.7}
      onPress={[Function]}
    >
      <Strong
        style={
          Array [
            Object {
              "margin": 15,
            },
          ]
        }
      >
        I18n.t(FORGOT_YOUR_PASSWORD?)
      </Strong>
    </TouchableOpacity>
    <TouchableOpacity
      activeOpacity={0.2}
      focusedOpacity={0.7}
      onPress={[Function]}
    >
      <Strong
        style={
          Array [
            Object {
              "margin": 15,
            },
          ]
        }
      >
        I18n.t(DONT_HAVE_ACCOUNT?)
      </Strong>
    </TouchableOpacity>
  </View>
</View>
`;
