// Jest Snapshot v1, https://goo.gl/fbAQLP

exports[`<ManaSymbolBar /> Should have a snapshot 1`] = `
<View
  style={
    Object {
      "alignItems": "center",
      "borderColor": "rgba(0, 0, 0, 0.4)",
      "borderRadius": 3,
      "borderWidth": 1,
      "flexDirection": "row",
      "height": 40,
      "justifyContent": "space-between",
      "marginBottom": 5,
    }
  }
>
  <TouchableOpacity
    activeOpacity={0.2}
    focusedOpacity={0.7}
    onPressOut={[Function]}
  >
    <ManaSymbol
      color="black"
      isSelected={false}
    />
  </TouchableOpacity>
  <TouchableOpacity
    activeOpacity={0.2}
    focusedOpacity={0.7}
    onPressOut={[Function]}
  >
    <ManaSymbol
      color="blue"
      isSelected={true}
    />
  </TouchableOpacity>
  <TouchableOpacity
    activeOpacity={0.2}
    focusedOpacity={0.7}
    onPressOut={[Function]}
  >
    <ManaSymbol
      color="green"
      isSelected={false}
    />
  </TouchableOpacity>
  <TouchableOpacity
    activeOpacity={0.2}
    focusedOpacity={0.7}
    onPressOut={[Function]}
  >
    <ManaSymbol
      color="red"
      isSelected={true}
    />
  </TouchableOpacity>
  <TouchableOpacity
    activeOpacity={0.2}
    focusedOpacity={0.7}
    onPressOut={[Function]}
  >
    <ManaSymbol
      color="white"
      isSelected={false}
    />
  </TouchableOpacity>
</View>
`;
